
> cosap_frontend@0.1.0 start
> react-scripts start /

Browserslist: caniuse-lite is outdated. Please run:
  npx update-browserslist-db@latest
  Why you should do it regularly: https://github.com/browserslist/update-db#readme
(node:13662) [DEP_WEBPACK_DEV_SERVER_ON_AFTER_SETUP_MIDDLEWARE] DeprecationWarning: 'onAfterSetupMiddleware' option is deprecated. Please use the 'setupMiddlewares' option.
(Use `node --trace-deprecation ...` to show where the warning was created)
(node:13662) [DEP_WEBPACK_DEV_SERVER_ON_BEFORE_SETUP_MIDDLEWARE] DeprecationWarning: 'onBeforeSetupMiddleware' option is deprecated. Please use the 'setupMiddlewares' option.
Starting the development server...

[0;33mOne of your dependencies, babel-preset-react-app, is importing the
"@babel/plugin-proposal-private-property-in-object" package without
declaring it in its dependencies. This is currently working because
"@babel/plugin-proposal-private-property-in-object" is already in your
node_modules folder for unrelated reasons, but it [1mmay break at any time[0;33m.

babel-preset-react-app is part of the create-react-app project, [1mwhich
is not maintianed anymore[0;33m. It is thus unlikely that this bug will
ever be fixed. Add "@babel/plugin-proposal-private-property-in-object" to
your devDependencies to work around this error. This will make this message
go away.[0m
  
Failed to compile.

[eslint] 
src/Pages/Portal/FileBrowser.jsx
  Line 119:24:  Replace `ChonkyActions.DownloadFiles,·openInDocViewer,·uplaodToFranklin` with `⏎····ChonkyActions.DownloadFiles,⏎····openInDocViewer,⏎····uplaodToFranklin,⏎··`  prettier/prettier

Search for the keywords to learn more about each error.
WARNING in [eslint] 
src/Pages/Portal/FileBrowser.jsx
  Line 13:1:  `../../apis/downloadFile` import should occur after import of `@material-ui/core/`  import/order

ERROR in [eslint] 
src/Pages/Portal/FileBrowser.jsx
  Line 119:24:  Replace `ChonkyActions.DownloadFiles,·openInDocViewer,·uplaodToFranklin` with `⏎····ChonkyActions.DownloadFiles,⏎····openInDocViewer,⏎····uplaodToFranklin,⏎··`  prettier/prettier

Search for the keywords to learn more about each error.

webpack compiled with 1 error and 1 warning

> cosap_frontend@0.1.0 start
> react-scripts start

Something is already running on port 3000.

> cosap_frontend@0.1.0 start
> react-scripts start

Something is already running on port 3000.

> cosap_frontend@0.1.0 start
> react-scripts start

Something is already running on port 3000.
